#-----------------------------------------------------------
# Vivado v2024.1.1 (64-bit)
# SW Build 5094488 on Fri Jun 14 08:57:50 MDT 2024
# IP Build 5091682 on Fri Jun 14 16:55:04 MDT 2024
# SharedData Build 5094118 on Fri Jun 14 01:09:43 MDT 2024
# Start of session at: Sun Jan  5 14:35:42 2025
# Process ID: 115086
# Current directory: /home/jscha/nextcloud/msei/ws24/esdml/labs/lab3-multiplier/vivado-mul/vivado-mul.runs/synth_1
# Command line: vivado -log tb_multiplier.vds -product Vivado -mode batch -messageDb vivado.pb -notrace -source tb_multiplier.tcl
# Log file: /home/jscha/nextcloud/msei/ws24/esdml/labs/lab3-multiplier/vivado-mul/vivado-mul.runs/synth_1/tb_multiplier.vds
# Journal file: /home/jscha/nextcloud/msei/ws24/esdml/labs/lab3-multiplier/vivado-mul/vivado-mul.runs/synth_1/vivado.jou
# Running On        :thinkpad-popos
# Platform          :Pop
# Operating System  :Pop!_OS 22.04 LTS
# Processor Detail  :AMD Ryzen 7 PRO 7840U w/ Radeon 780M Graphics
# CPU Frequency     :1579.772 MHz
# CPU Physical cores:8
# CPU Logical cores :16
# Host memory       :15386 MB
# Swap memory       :15386 MB
# Total Virtual     :30773 MB
# Available Virtual :18148 MB
#-----------------------------------------------------------
source tb_multiplier.tcl -notrace
